{
    "common": {
        "follow": [
            "add",
            "false"
        ],
        "setting1": [
            "same",
            "Value 1"
        ],
        "setting2": [
            "delete",
            200
        ],
        "setting3": [
            "diff",
            "true",
            "null"
        ],
        "setting4": [
            "add",
            "blah blah"
        ],
        "setting5": [
            "add",
            {
                "key5": "value5"
            }
        ],
        "setting6": {
            "doge": {
                "wow": [
                    "diff",
                    "",
                    "so much"
                ]
            },
            "key": [
                "same",
                "value"
            ],
            "ops": [
                "add",
                "vops"
            ]
        }
    },
    "group1": {
        "baz": [
            "diff",
            "bas",
            "bars"
        ],
        "foo": [
            "same",
            "bar"
        ],
        "nest": [
            "diff",
            {
                "key": "value"
            },
            "str"
        ]
    },
    "group2": [
        "delete",
        {
            "abc": 12345,
            "deep": {
                "id": 45
            }
        }
    ],
    "group3": [
        "add",
        {
            "deep": {
                "id": {
                    "number": 45
                }
            },
            "fee": 100500
        }
    ]
}